
R version 4.3.3 (2024-02-29 ucrt) -- "Angel Food Cake"
Copyright (C) 2024 The R Foundation for Statistical Computing
Platform: x86_64-w64-mingw32/x64 (64-bit)

R is free software and comes with ABSOLUTELY NO WARRANTY.
You are welcome to redistribute it under certain conditions.
Type 'license()' or 'licence()' for distribution details.

  Natural language support but running in an English locale

R is a collaborative project with many contributors.
Type 'contributors()' for more information and
'citation()' on how to cite R or R packages in publications.

Type 'demo()' for some demos, 'help()' for on-line help, or
'help.start()' for an HTML browser interface to help.
Type 'q()' to quit R.

[Previously saved workspace restored]

> library(nlshrink)
> library(R.matlab)
R.matlab v3.7.0 (2022-08-25 21:52:34 UTC) successfully loaded. See ?R.matlab for help.

Attaching package: 'R.matlab'

The following objects are masked from 'package:base':

    getOption, isOpen

> library(PDSCE)
> 
> #Remember to change this path
> base_path <- 'E:/elective/RA/CUHK/Tutorial/code/methods/SFNL'
> Data <- readMat(file.path(base_path, 'to_SFNL_R.mat'))
Error in file(con, open = "rb") : cannot open the connection
Calls: readMat -> readMat.default -> file
In addition: Warning message:
In file(con, open = "rb") :
  cannot open file 'E:/elective/RA/CUHK/Tutorial/code/methods/SFNL/to_SFNL_R.mat': No such file or directory
Execution halted
